Microchip MPLAB XC8 Compiler V2.30

Linker command line:

-W-3 --edf=/opt/microchip/xc8/v2.30/pic/dat/en_msgs.txt -cn \
  -h+dist/default/production/iluminacion.X.production.sym \
  --cmf=dist/default/production/iluminacion.X.production.cmf -z -Q16F887 \
  -o/tmp/xcXdgDaCF --defsym=__MPLAB_BUILD=1 \
  -Mdist/default/production/iluminacion.X.production.map -E1 \
  -ver=XC8 Compiler --acfsm=1493 -ASTACK=0110h-016Fh -pstack=STACK \
  -ACODE=00h-07FFhx4 -ASTRCODE=00h-01FFFh -ASTRING=00h-0FFhx32 \
  -ACONST=00h-0FFhx32 -AENTRY=00h-0FFhx32 -ACOMMON=070h-07Fh \
  -ABANK0=020h-06Fh -ABANK1=0A0h-0EFh -ABANK2=0110h-016Fh \
  -ABANK3=0190h-01EFh -ARAM=020h-06Fh,0A0h-0EFh,0110h-016Fh,0190h-01EFh \
  -AABS1=020h-07Fh,0A0h-0EFh,0110h-016Fh,0190h-01EFh -ASFR0=00h-01Fh \
  -ASFR1=080h-09Fh -ASFR2=0100h-010Fh -ASFR3=0180h-018Fh \
  -ACONFIG=02007h-02008h -DCONFIG=2 -AIDLOC=02000h-02003h -DIDLOC=2 \
  -AEEDATA=00h-0FFh/02100h -peeprom_data=EEDATA -DEEDATA=2 -DCODE=2 \
  -DSTRCODE=2 -DSTRING=2 -DCONST=2 -DENTRY=2 \
  -preset_vec=00h,intentry=04h,init,end_init -ppowerup=CODE -pcinit=CODE \
  -pfunctab=ENTRY -k /tmp/xcXECppKA.o \
  dist/default/production/iluminacion.X.production.o 

Object code version is 3.11

Machine type is 16F887



                Name                               Link     Load   Length Selector   Space Scale
/tmp/xcXECppKA.o
                end_init                              C        C        3        8       0
                reset_vec                             0        0        3        0       0
                config                             2007     2007        2        0       4
dist/default/production/iluminacion.X.production.o
                cinit                                 F        F       13        8       0
                intentry                              4        4        8        8       0
                config                             2007     2007        2        0       4
                text14                               22       22       39        8       0
                text13                              1BA      1BA        A      2A0       0
                text12                              1A3      1A3        C      2A0       0
                text11                               FB       FB       1F        8       0
                text10                              1C4      1C4        1      2A0       0
                text9                               17C      17C       16      2A0       0
                text8                               166      166       16      2A0       0
                text7                               11A      11A       1E        8       0
                text6                               150      150       16      2A0       0
                text5                                8C       8C       29        8       0
                text4                               192      192       11      2A0       0
                text3                                DB       DB       20        8       0
                text2                               1AF      1AF        B      2A0       0
                text1                                B5       B5       26        8       0
                maintext                             5B       5B       31        8       0
                cstackBANK0                          28       28        3       20       1
                cstackCOMMON                         70       70        7       70       1
                bssBANK0                             20       20        8       20       1
                bssCOMMON                            77       77        5       70       1
                strings                             138      138       18      270       0

TOTAL           Name                               Link     Load   Length     Space
        CLASS   STACK          

        CLASS   CODE           
                end_init                              C        C        3         0
                cinit                                 F        F       13         0
                intentry                              4        4        8         0
                reset_vec                             0        0        3         0
                text14                               22       22       39         0
                text13                              1BA      1BA        A         0
                text12                              1A3      1A3        C         0
                text11                               FB       FB       1F         0
                text10                              1C4      1C4        1         0
                text9                               17C      17C       16         0
                text8                               166      166       16         0
                text7                               11A      11A       1E         0
                text6                               150      150       16         0
                text5                                8C       8C       29         0
                text4                               192      192       11         0
                text3                                DB       DB       20         0
                text2                               1AF      1AF        B         0
                text1                                B5       B5       26         0
                maintext                             5B       5B       31         0

        CLASS   STRCODE        

        CLASS   STRING         
                strings                             138      138       18         0

        CLASS   CONST          

        CLASS   ENTRY          

        CLASS   COMMON         
                cstackCOMMON                         70       70        7         1
                bssCOMMON                            77       77        5         1

        CLASS   BANK0          
                cstackBANK0                          28       28        3         1
                bssBANK0                             20       20        8         1

        CLASS   BANK1          

        CLASS   BANK2          

        CLASS   BANK3          

        CLASS   RAM            

        CLASS   ABS1           
                abs_s1                               7E       7E        2         1

        CLASS   SFR0           

        CLASS   SFR1           

        CLASS   SFR2           

        CLASS   SFR3           

        CLASS   CONFIG         
                config                             2007     2007        2         4

        CLASS   IDLOC          

        CLASS   EEDATA         



SEGMENTS        Name                           Load    Length   Top    Selector   Space  Class     Delta

                strings                        000138  000018  000150       270       0  STRING      2
                bssBANK0                       000020  00000B  00002B        20       1  BANK0       1
                reset_vec                      000000  000003  000003         0       0  CODE        2
                text6                          000150  000075  0001C5       2A0       0  CODE        2
                cstackCOMMON                   000070  00000C  00007C        70       1  COMMON      1
                intentry                       000004  000134  000138         8       0  CODE        2


UNUSED ADDRESS RANGES

        Name                Unused          Largest block    Delta
        BANK0            002B-006F             45           1
        BANK1            00A0-00EF             50           1
        BANK2            0110-016F             60           1
        BANK3            0190-01EF             60           1
        CODE             0003-0003              1           2
                         01C5-1FFF            800
        COMMON           007C-007D              2           1
        CONST            0003-0003              1           2
                         01C5-1FFF            100
        EEDATA           2100-21FF            100           2
        ENTRY            0003-0003              1           2
                         01C5-1FFF            100
        IDLOC            2000-2003              4           2
        RAM              002B-006F             45           1
                         00A0-00EF             50
                         0110-016F             60
                         0190-01EF             60
        SFR0             0000-001F             20           1
        SFR1             0080-009F             20           1
        SFR2             0100-010F             10           1
        SFR3             0180-018F             10           1
        STACK            0110-016F             60           1
        STRCODE          0003-0003              1           2
                         01C5-1FFF           1E3B
        STRING           0003-0003              1           2
                         01C5-1FFF            100

                                  Symbol Table

?_HCSR04_GetDistance           cstackCOMMON 0072
HCSR04_GetDistance@centimeters cstackCOMMON 0075
SendChar_usart@caracter        cstackCOMMON 0072
SendText_usart@cadena          cstackCOMMON 0074
_ANSEL                         (abs)        0188
_ANSELH                        (abs)        0189
_Configure                     text6        0150
_HCSR04_GetDistance            text5        008C
_INTCON                        (abs)        000B
_OPTION_REG                    (abs)        0081
_PIE1                          (abs)        008C
_RB0                           (abs)        0030
_RB1                           (abs)        0031
_RB3                           (abs)        0033
_RB6                           (abs)        0036
_RB7                           (abs)        0037
_RCIF                          (abs)        0065
_RCREG                         (abs)        001A
_RCSTA                         (abs)        0018
_ReadChar_usart                text13       01BA
_SPBRG                         (abs)        0099
_SendChar_usart                text12       01A3
_SendText_usart                text11       00FB
_T0IE                          (abs)        005D
_TMR0                          (abs)        0001
_TMR0IF                        (abs)        005A
_TRISB0                        (abs)        0430
_TRISB1                        (abs)        0431
_TRISB3                        (abs)        0433
_TRISB6                        (abs)        0436
_TRISB7                        (abs)        0437
_TRISC6                        (abs)        043E
_TRISC7                        (abs)        043F
_TRMT                          (abs)        04C1
_TXREG                         (abs)        0019
_TXSTA                         (abs)        0098
__Habs1                        abs1         0000
__Hbank0                       bank0        0000
__Hbank1                       bank1        0000
__Hbank2                       bank2        0000
__Hbank3                       bank3        0000
__HbssBANK0                    bssBANK0     0000
__HbssCOMMON                   bssCOMMON    0000
__Hcinit                       cinit        0022
__Hclrtext                     clrtext      0000
__Hcode                        code         0000
__Hcommon                      common       0000
__Hconfig                      config       2009
__HcstackBANK0                 cstackBANK0  0000
__HcstackCOMMON                cstackCOMMON 0000
__Heeprom_data                 eeprom_data  0000
__Hend_init                    end_init     000F
__Hfunctab                     functab      0000
__Hinit                        init         000C
__Hintentry                    intentry     000C
__Hmaintext                    maintext     0000
__Hpowerup                     powerup      0000
__Hram                         ram          0000
__Hreset_vec                   reset_vec    0003
__Hsfr0                        sfr0         0000
__Hsfr1                        sfr1         0000
__Hsfr2                        sfr2         0000
__Hsfr3                        sfr3         0000
__Hspace_0                     (abs)        01C5
__Hspace_1                     (abs)        007C
__Hspace_2                     (abs)        0000
__Hspace_3                     (abs)        0000
__Hspace_4                     (abs)        4010
__Hstack                       stack        0000
__Hstrings                     strings      0000
__Htext                        text         0000
__Labs1                        abs1         0000
__Lbank0                       bank0        0000
__Lbank1                       bank1        0000
__Lbank2                       bank2        0000
__Lbank3                       bank3        0000
__LbssBANK0                    bssBANK0     0000
__LbssCOMMON                   bssCOMMON    0000
__Lcinit                       cinit        000F
__Lclrtext                     clrtext      0000
__Lcode                        code         0000
__Lcommon                      common       0000
__Lconfig                      config       0000
__LcstackBANK0                 cstackBANK0  0000
__LcstackCOMMON                cstackCOMMON 0000
__Leeprom_data                 eeprom_data  0000
__Lend_init                    end_init     000C
__Lfunctab                     functab      0000
__Linit                        init         000C
__Lintentry                    intentry     0004
__Lmaintext                    maintext     0000
__Lpowerup                     powerup      0000
__Lram                         ram          0000
__Lreset_vec                   reset_vec    0000
__Lsfr0                        sfr0         0000
__Lsfr1                        sfr1         0000
__Lsfr2                        sfr2         0000
__Lsfr3                        sfr3         0000
__Lspace_0                     (abs)        0000
__Lspace_1                     (abs)        0000
__Lspace_2                     (abs)        0000
__Lspace_3                     (abs)        0000
__Lspace_4                     (abs)        0000
__Lstack                       stack        0000
__Lstrings                     strings      0000
__Ltext                        text         0000
__S0                           (abs)        01C5
__S1                           (abs)        007C
__S2                           (abs)        0000
__S3                           (abs)        0000
___int_sp                      stack        0000
___latbits                     (abs)        0002
___sp                          stack        0000
___stackhi                     (abs)        0000
___stacklo                     (abs)        0000
__end_of_Configure             text6        0166
__end_of_HCSR04_GetDistance    text5        00B5
__end_of_ReadChar_usart        text13       01C4
__end_of_SendChar_usart        text12       01AF
__end_of_SendText_usart        text11       011A
__end_of__initialization       cinit        001E
__end_of__stringtab            strings      013E
__end_of_calandoUART           text3        00FB
__end_of_changeConfigs         text7        0138
__end_of_configColor           text10       01C5
__end_of_configDistance        text9        0192
__end_of_configTime            text8        017C
__end_of_initTMR0              text2        01BA
__end_of_inter                 text14       005B
__end_of_main                  maintext     008C
__end_of_prende                text1        00DB
__end_of_start_usart           text4        01A3
__initialization               cinit        000F
__pbssBANK0                    bssBANK0     0020
__pbssCOMMON                   bssCOMMON    0077
__pcstackBANK0                 cstackBANK0  0028
__pcstackCOMMON                cstackCOMMON 0070
__pintentry                    intentry     0004
__pmaintext                    maintext     005B
__pstrings                     strings      0138
__ptext1                       text1        00B5
__ptext10                      text10       01C4
__ptext11                      text11       00FB
__ptext12                      text12       01A3
__ptext13                      text13       01BA
__ptext14                      text14       0022
__ptext2                       text2        01AF
__ptext3                       text3        00DB
__ptext4                       text4        0192
__ptext5                       text5        008C
__ptext6                       text6        0150
__ptext7                       text7        011A
__ptext8                       text8        0166
__ptext9                       text9        017C
__size_of_Configure            (abs)        0000
__size_of_HCSR04_GetDistance   (abs)        0000
__size_of_ReadChar_usart       (abs)        0000
__size_of_SendChar_usart       (abs)        0000
__size_of_SendText_usart       (abs)        0000
__size_of_calandoUART          (abs)        0000
__size_of_changeConfigs        (abs)        0000
__size_of_configColor          (abs)        0000
__size_of_configDistance       (abs)        0000
__size_of_configTime           (abs)        0000
__size_of_initTMR0             (abs)        0000
__size_of_inter                (abs)        0000
__size_of_main                 (abs)        0000
__size_of_prende               (abs)        0000
__size_of_start_usart          (abs)        0000
__stringbase                   strings      013D
__stringtab                    strings      0138
_calandoUART                   text3        00DB
_changeConfigs                 text7        011A
_cnt                           bssBANK0     0020
_cntSeg                        bssCOMMON    0079
_configColor                   text10       01C4
_configDistance                text9        017C
_configTime                    text8        0166
_distancia                     bssCOMMON    0077
_distanciaON                   bssBANK0     0026
_initTMR0                      text2        01AF
_inter                         text14       0022
_main                          maintext     005B
_prende                        text1        00B5
_start_usart                   text4        0192
_timeON                        bssBANK0     0024
btemp                          (abs)        007E
configColor@B                  cstackCOMMON 0073
configColor@G                  cstackCOMMON 0072
configColor@R                  cstackCOMMON 0074
configDistance@distON          cstackCOMMON 0072
configTime@tiempoON            cstackCOMMON 0072
end_of_initialization          cinit        001E
interrupt_function             intentry     0004
intlevel0                      functab      0000
intlevel1                      functab      0000
intlevel2                      functab      0000
intlevel3                      functab      0000
intlevel4                      functab      0000
intlevel5                      functab      0000
reset_vec                      reset_vec    0000
saved_w                        (abs)        007E
start                          init         000C
start_initialization           cinit        000F
wtemp0                         (abs)        007E


FUNCTION INFORMATION:

 *************** function _main *****************
 Defined at:
		line 138 in file "main.c"
 Parameters:    Size  Location     Type
		None
 Auto vars:     Size  Location     Type
		None
 Return value:  Size  Location     Type
                  1    wreg      void 
 Registers used:
		wreg, fsr0l, fsr0h, status,2, status,0, btemp+1, pclath, cstack
 Tracked objects:
		On entry : 
		On exit  : 
		Unchanged: 
 Data sizes:     COMMON   BANK0   BANK1   BANK3   BANK2
      Params:         0       0       0       0       0
      Locals:         0       0       0       0       0
      Temps:          0       0       0       0       0
      Totals:         0       0       0       0       0
Total ram usage:        0 bytes
 Hardware stack levels required when called:    4
 This function calls:
		_Configure
		_HCSR04_GetDistance
		_calandoUART
		_prende
 This function is called by:
		Startup code after reset
 This function uses a non-reentrant model


 *************** function _prende *****************
 Defined at:
		line 73 in file "main.c"
 Parameters:    Size  Location     Type
		None
 Auto vars:     Size  Location     Type
		None
 Return value:  Size  Location     Type
                  1    wreg      void 
 Registers used:
		wreg, status,2, status,0, pclath, cstack
 Tracked objects:
		On entry : 
		On exit  : 
		Unchanged: 
 Data sizes:     COMMON   BANK0   BANK1   BANK3   BANK2
      Params:         0       0       0       0       0
      Locals:         0       0       0       0       0
      Temps:          0       0       0       0       0
      Totals:         0       0       0       0       0
Total ram usage:        0 bytes
 Hardware stack levels used:    1
 Hardware stack levels required when called:    2
 This function calls:
		_initTMR0
 This function is called by:
		_main
 This function uses a non-reentrant model


 *************** function _initTMR0 *****************
 Defined at:
		line 34 in file "main.c"
 Parameters:    Size  Location     Type
		None
 Auto vars:     Size  Location     Type
		None
 Return value:  Size  Location     Type
                  1    wreg      void 
 Registers used:
		wreg
 Tracked objects:
		On entry : 
		On exit  : 
		Unchanged: 
 Data sizes:     COMMON   BANK0   BANK1   BANK3   BANK2
      Params:         0       0       0       0       0
      Locals:         0       0       0       0       0
      Temps:          0       0       0       0       0
      Totals:         0       0       0       0       0
Total ram usage:        0 bytes
 Hardware stack levels used:    1
 Hardware stack levels required when called:    1
 This function calls:
		Nothing
 This function is called by:
		_prende
 This function uses a non-reentrant model


 *************** function _calandoUART *****************
 Defined at:
		line 90 in file "main.c"
 Parameters:    Size  Location     Type
		None
 Auto vars:     Size  Location     Type
		None
 Return value:  Size  Location     Type
                  1    wreg      void 
 Registers used:
		wreg, fsr0l, fsr0h, status,2, status,0, pclath, cstack
 Tracked objects:
		On entry : 
		On exit  : 
		Unchanged: 
 Data sizes:     COMMON   BANK0   BANK1   BANK3   BANK2
      Params:         0       0       0       0       0
      Locals:         0       0       0       0       0
      Temps:          0       3       0       0       0
      Totals:         0       3       0       0       0
Total ram usage:        3 bytes
 Hardware stack levels used:    1
 Hardware stack levels required when called:    3
 This function calls:
		_SendChar_usart
		_SendText_usart
		_start_usart
 This function is called by:
		_main
 This function uses a non-reentrant model


 *************** function _start_usart *****************
 Defined at:
		line 20 in file "./USARTlib.h"
 Parameters:    Size  Location     Type
		None
 Auto vars:     Size  Location     Type
		None
 Return value:  Size  Location     Type
                  1    wreg      void 
 Registers used:
		wreg
 Tracked objects:
		On entry : 
		On exit  : 
		Unchanged: 
 Data sizes:     COMMON   BANK0   BANK1   BANK3   BANK2
      Params:         0       0       0       0       0
      Locals:         0       0       0       0       0
      Temps:          0       0       0       0       0
      Totals:         0       0       0       0       0
Total ram usage:        0 bytes
 Hardware stack levels used:    1
 Hardware stack levels required when called:    1
 This function calls:
		Nothing
 This function is called by:
		_calandoUART
 This function uses a non-reentrant model


 *************** function _HCSR04_GetDistance *****************
 Defined at:
		line 55 in file "main.c"
 Parameters:    Size  Location     Type
		None
 Auto vars:     Size  Location     Type
  centimeters     2    5[COMMON] unsigned int 
 Return value:  Size  Location     Type
                  2    2[COMMON] unsigned int 
 Registers used:
		wreg, status,2
 Tracked objects:
		On entry : 
		On exit  : 
		Unchanged: 
 Data sizes:     COMMON   BANK0   BANK1   BANK3   BANK2
      Params:         2       0       0       0       0
      Locals:         2       0       0       0       0
      Temps:          1       0       0       0       0
      Totals:         5       0       0       0       0
Total ram usage:        5 bytes
 Hardware stack levels used:    1
 Hardware stack levels required when called:    1
 This function calls:
		Nothing
 This function is called by:
		_main
 This function uses a non-reentrant model


 *************** function _Configure *****************
 Defined at:
		line 130 in file "main.c"
 Parameters:    Size  Location     Type
		None
 Auto vars:     Size  Location     Type
		None
 Return value:  Size  Location     Type
                  1    wreg      void 
 Registers used:
		wreg, fsr0l, fsr0h, status,2, status,0, btemp+1, pclath, cstack
 Tracked objects:
		On entry : 
		On exit  : 
		Unchanged: 
 Data sizes:     COMMON   BANK0   BANK1   BANK3   BANK2
      Params:         0       0       0       0       0
      Locals:         0       0       0       0       0
      Temps:          0       0       0       0       0
      Totals:         0       0       0       0       0
Total ram usage:        0 bytes
 Hardware stack levels used:    1
 Hardware stack levels required when called:    3
 This function calls:
		_ReadChar_usart
		_SendText_usart
		_changeConfigs
 This function is called by:
		_main
 This function uses a non-reentrant model


 *************** function _changeConfigs *****************
 Defined at:
		line 123 in file "main.c"
 Parameters:    Size  Location     Type
		None
 Auto vars:     Size  Location     Type
		None
 Return value:  Size  Location     Type
                  1    wreg      void 
 Registers used:
		wreg, status,2, status,0, btemp+1, pclath, cstack
 Tracked objects:
		On entry : 
		On exit  : 
		Unchanged: 
 Data sizes:     COMMON   BANK0   BANK1   BANK3   BANK2
      Params:         0       0       0       0       0
      Locals:         0       0       0       0       0
      Temps:          1       0       0       0       0
      Totals:         1       0       0       0       0
Total ram usage:        1 bytes
 Hardware stack levels used:    1
 Hardware stack levels required when called:    2
 This function calls:
		_configColor
		_configDistance
		_configTime
 This function is called by:
		_Configure
 This function uses a non-reentrant model


 *************** function _configTime *****************
 Defined at:
		line 107 in file "main.c"
 Parameters:    Size  Location     Type
  tiempoON        2    2[COMMON] unsigned int 
 Auto vars:     Size  Location     Type
		None
 Return value:  Size  Location     Type
                  1    wreg      void 
 Registers used:
		wreg, status,2, status,0
 Tracked objects:
		On entry : 
		On exit  : 
		Unchanged: 
 Data sizes:     COMMON   BANK0   BANK1   BANK3   BANK2
      Params:         2       0       0       0       0
      Locals:         0       0       0       0       0
      Temps:          0       0       0       0       0
      Totals:         2       0       0       0       0
Total ram usage:        2 bytes
 Hardware stack levels used:    1
 Hardware stack levels required when called:    1
 This function calls:
		Nothing
 This function is called by:
		_changeConfigs
 This function uses a non-reentrant model


 *************** function _configDistance *****************
 Defined at:
		line 98 in file "main.c"
 Parameters:    Size  Location     Type
  distON          2    2[COMMON] unsigned int 
 Auto vars:     Size  Location     Type
		None
 Return value:  Size  Location     Type
                  1    wreg      void 
 Registers used:
		wreg, status,2, status,0
 Tracked objects:
		On entry : 
		On exit  : 
		Unchanged: 
 Data sizes:     COMMON   BANK0   BANK1   BANK3   BANK2
      Params:         2       0       0       0       0
      Locals:         0       0       0       0       0
      Temps:          0       0       0       0       0
      Totals:         2       0       0       0       0
Total ram usage:        2 bytes
 Hardware stack levels used:    1
 Hardware stack levels required when called:    1
 This function calls:
		Nothing
 This function is called by:
		_changeConfigs
 This function uses a non-reentrant model


 *************** function _configColor *****************
 Defined at:
		line 116 in file "main.c"
 Parameters:    Size  Location     Type
  R               1    wreg     unsigned char 
  G               1    2[COMMON] unsigned char 
  B               1    3[COMMON] unsigned char 
 Auto vars:     Size  Location     Type
  R               1    4[COMMON] unsigned char 
 Return value:  Size  Location     Type
                  1    wreg      void 
 Registers used:
		wreg, status,2, status,0, btemp+1
 Tracked objects:
		On entry : 
		On exit  : 
		Unchanged: 
 Data sizes:     COMMON   BANK0   BANK1   BANK3   BANK2
      Params:         2       0       0       0       0
      Locals:         1       0       0       0       0
      Temps:          0       0       0       0       0
      Totals:         3       0       0       0       0
Total ram usage:        3 bytes
 Hardware stack levels used:    1
 Hardware stack levels required when called:    1
 This function calls:
		Nothing
 This function is called by:
		_changeConfigs
 This function uses a non-reentrant model


 *************** function _SendText_usart *****************
 Defined at:
		line 53 in file "./USARTlib.h"
 Parameters:    Size  Location     Type
  cadena          1    wreg     PTR unsigned char 
		 -> STR_2(13), STR_1(5), 
 Auto vars:     Size  Location     Type
  cadena          1    4[COMMON] PTR unsigned char 
		 -> STR_2(13), STR_1(5), 
 Return value:  Size  Location     Type
                  1    wreg      void 
 Registers used:
		wreg, fsr0l, fsr0h, status,2, status,0, pclath, cstack
 Tracked objects:
		On entry : 
		On exit  : 
		Unchanged: 
 Data sizes:     COMMON   BANK0   BANK1   BANK3   BANK2
      Params:         0       0       0       0       0
      Locals:         1       0       0       0       0
      Temps:          1       0       0       0       0
      Totals:         2       0       0       0       0
Total ram usage:        2 bytes
 Hardware stack levels used:    1
 Hardware stack levels required when called:    2
 This function calls:
		_SendChar_usart
 This function is called by:
		_calandoUART
		_Configure
 This function uses a non-reentrant model


 *************** function _SendChar_usart *****************
 Defined at:
		line 44 in file "./USARTlib.h"
 Parameters:    Size  Location     Type
  caracter        1    wreg     unsigned char 
 Auto vars:     Size  Location     Type
  caracter        1    2[COMMON] unsigned char 
 Return value:  Size  Location     Type
                  1    wreg      void 
 Registers used:
		wreg
 Tracked objects:
		On entry : 
		On exit  : 
		Unchanged: 
 Data sizes:     COMMON   BANK0   BANK1   BANK3   BANK2
      Params:         0       0       0       0       0
      Locals:         1       0       0       0       0
      Temps:          0       0       0       0       0
      Totals:         1       0       0       0       0
Total ram usage:        1 bytes
 Hardware stack levels used:    1
 Hardware stack levels required when called:    1
 This function calls:
		Nothing
 This function is called by:
		_SendText_usart
		_calandoUART
 This function uses a non-reentrant model


 *************** function _ReadChar_usart *****************
 Defined at:
		line 33 in file "./USARTlib.h"
 Parameters:    Size  Location     Type
		None
 Auto vars:     Size  Location     Type
		None
 Return value:  Size  Location     Type
                  1    wreg      unsigned char 
 Registers used:
		wreg
 Tracked objects:
		On entry : 
		On exit  : 
		Unchanged: 
 Data sizes:     COMMON   BANK0   BANK1   BANK3   BANK2
      Params:         0       0       0       0       0
      Locals:         0       0       0       0       0
      Temps:          0       0       0       0       0
      Totals:         0       0       0       0       0
Total ram usage:        0 bytes
 Hardware stack levels used:    1
 Hardware stack levels required when called:    1
 This function calls:
		Nothing
 This function is called by:
		_Configure
 This function uses a non-reentrant model


 *************** function _inter *****************
 Defined at:
		line 41 in file "main.c"
 Parameters:    Size  Location     Type
		None
 Auto vars:     Size  Location     Type
		None
 Return value:  Size  Location     Type
                  1    wreg      void 
 Registers used:
		wreg, status,2, status,0
 Tracked objects:
		On entry : 
		On exit  : 
		Unchanged: 
 Data sizes:     COMMON   BANK0   BANK1   BANK3   BANK2
      Params:         0       0       0       0       0
      Locals:         0       0       0       0       0
      Temps:          2       0       0       0       0
      Totals:         2       0       0       0       0
Total ram usage:        2 bytes
 Hardware stack levels used:    1
 This function calls:
		Nothing
 This function is called by:
		Interrupt level 1
 This function uses a non-reentrant model



MODULE INFORMATION

Module		Function		Class		Link	Load	Size
shared
		__stringtab    		STRING         	0138	0000	6
		__initialization		CODE           	000F	0000	15

shared estimated size: 21

./USARTlib.h
		_ReadChar_usart		CODE           	01BA	0000	10
		_SendText_usart		CODE           	00FB	0000	31
		_SendChar_usart		CODE           	01A3	0000	12
		_start_usart   		CODE           	0192	0000	17

./USARTlib.h estimated size: 70

main.c
		_main          		CODE           	005B	0000	49
		_configTime    		CODE           	0166	0000	22
		_initTMR0      		CODE           	01AF	0000	11
		_prende        		CODE           	00B5	0000	38
		_configDistance		CODE           	017C	0000	22
		_configColor   		CODE           	01C4	0000	1
		_Configure     		CODE           	0150	0000	22
		_changeConfigs 		CODE           	011A	0000	30
		_HCSR04_GetDistance		CODE           	008C	0000	41
		_inter         		CODE           	0022	0000	57
		_calandoUART   		CODE           	00DB	0000	32

main.c estimated size: 325

