Microchip MPLAB XC8 Compiler V2.20

Linker command line:

-W-3 --edf=C:\Program Files\Microchip\xc8\v2.20\pic\dat\en_msgs.txt -cn \
  -h+dist/default/production\iluminacion.X.production.sym \
  --cmf=dist/default/production\iluminacion.X.production.cmf -z -Q16F887 \
  -oC:\Users\Dell\AppData\Local\Temp\s2e8.2 --defsym=__MPLAB_BUILD=1 \
  -Mdist/default/production/iluminacion.X.production.map -E1 \
  -ver=XC8 Compiler --acfsm=1493 -ASTACK=0110h-016Fh -pstack=STACK \
  -ACODE=00h-07FFhx4 -ASTRCODE=00h-01FFFh -ASTRING=00h-0FFhx32 \
  -ACONST=00h-0FFhx32 -AENTRY=00h-0FFhx32 -ACOMMON=070h-07Fh \
  -ABANK0=020h-06Fh -ABANK1=0A0h-0EFh -ABANK2=0110h-016Fh \
  -ABANK3=0190h-01EFh -ARAM=020h-06Fh,0A0h-0EFh,0110h-016Fh,0190h-01EFh \
  -AABS1=020h-07Fh,0A0h-0EFh,0110h-016Fh,0190h-01EFh -ASFR0=00h-01Fh \
  -ASFR1=080h-09Fh -ASFR2=0100h-010Fh -ASFR3=0180h-018Fh \
  -ACONFIG=02007h-02008h -DCONFIG=2 -AIDLOC=02000h-02003h -DIDLOC=2 \
  -preset_vec=00h,intentry=04h,init,end_init -ppowerup=CODE -pcinit=CODE \
  -pfunctab=ENTRY -AEEDATA=00h-0FFh/02100h -peeprom_data=EEDATA -DEEDATA=2 \
  -DCODE=2 -DSTRCODE=2 -DSTRING=2 -DCONST=2 -DENTRY=2 -k \
  C:\Users\Dell\AppData\Local\Temp\s2e8.o \
  dist/default/production\iluminacion.X.production.o 

Object code version is 3.11

Machine type is 16F887



                Name                               Link     Load   Length Selector   Space Scale
C:\Users\Dell\AppData\Local\Temp\s2e8.o
                end_init                             12       12        3        8       0
                reset_vec                             0        0        3        0       0
                config                             2007     2007        2        0       4
dist/default/production\iluminacion.X.production.o
                cinit                                15       15       42        8       0
                intentry                              4        4        E        8       0
                config                             2007     2007        2        0       4
                text25                              2C8      2C8       6E        8       0
                text24                              39F      39F       69      73E       0
                text23                              5EE      5EE       27      73E       0
                text22                              58C      58C       3A      73E       0
                text21                              6EF      6EF       16      73E       0
                text20                              6D9      6D9       16      73E       0
                text19                              638      638       23      73E       0
                text18                              4C0      4C0       4A      73E       0
                text17                              466      466       5A      73E       0
                text16                              6BC      6BC       1D      73E       0
                text15                              408      408       5E      73E       0
                text14                              761      761        A      73E       0
                text13                              73A      73A       10      73E       0
                text12                              67D      67D       22      73E       0
                text11                              756      756        B      73E       0
                text10                              69F      69F       1D      73E       0
                text9                               76B      76B        9      73E       0
                text8                               126      126       9D        8       0
                text7                               258      258       70        8       0
                text6                               74A      74A        C      73E       0
                text5                               5C6      5C6       28      73E       0
                text4                               65B      65B       22      73E       0
                text3                               50A      50A       46      73E       0
                text2                               550      550       3C      73E       0
                text1                                57       57       CF        8       0
                maintext                            1C3      1C3       95        8       0
                cstackBANK0                          20       20       25       20       1
                cstackCOMMON                         70       70        6       70       1
                clrtext                             774      774        8      73E       0
                inittext                            705      705       13      73E       0
                dataBANK3                           190      190       23      190       1
                dataBANK1                            C3       C3       12       A0       1
                bssBANK1                             A0       A0       23       A0       1
                dataBANK0                            55       55       10       20       1
                bssBANK0                             45       45       10       20       1
                bssCOMMON                            76       76        5       70       1
                nvBANK0                              65       65        2       20       1
                bitnvCOMMON                         3D8       7B        1       70       1     8
                strings                             336      336       69      66C       0
                idataBANK3                          615      615       23      73E       0
                idataBANK1                          718      718       12      73E       0
                idataBANK0                          72A      72A       10      73E       0

TOTAL           Name                               Link     Load   Length     Space
        CLASS   STACK          

        CLASS   CODE           
                end_init                             12       12        3         0
                cinit                                15       15       42         0
                intentry                              4        4        E         0
                reset_vec                             0        0        3         0
                text25                              2C8      2C8       6E         0
                text24                              39F      39F       69         0
                text23                              5EE      5EE       27         0
                text22                              58C      58C       3A         0
                text21                              6EF      6EF       16         0
                text20                              6D9      6D9       16         0
                text19                              638      638       23         0
                text18                              4C0      4C0       4A         0
                text17                              466      466       5A         0
                text16                              6BC      6BC       1D         0
                text15                              408      408       5E         0
                text14                              761      761        A         0
                text13                              73A      73A       10         0
                text12                              67D      67D       22         0
                text11                              756      756        B         0
                text10                              69F      69F       1D         0
                text9                               76B      76B        9         0
                text8                               126      126       9D         0
                text7                               258      258       70         0
                text6                               74A      74A        C         0
                text5                               5C6      5C6       28         0
                text4                               65B      65B       22         0
                text3                               50A      50A       46         0
                text2                               550      550       3C         0
                text1                                57       57       CF         0
                maintext                            1C3      1C3       95         0
                clrtext                             774      774        8         0
                inittext                            705      705       13         0
                idataBANK3                          615      615       23         0
                idataBANK1                          718      718       12         0
                idataBANK0                          72A      72A       10         0

        CLASS   STRCODE        

        CLASS   STRING         
                strings                             336      336       69         0

        CLASS   CONST          

        CLASS   ENTRY          

        CLASS   COMMON         
                cstackCOMMON                         70       70        6         1
                bssCOMMON                            76       76        5         1
                bitnvCOMMON                         3D8       7B        1         1

        CLASS   BANK0          
                cstackBANK0                          20       20       25         1
                dataBANK0                            55       55       10         1
                bssBANK0                             45       45       10         1
                nvBANK0                              65       65        2         1

        CLASS   BANK1          
                dataBANK1                            C3       C3       12         1
                bssBANK1                             A0       A0       23         1

        CLASS   BANK2          

        CLASS   BANK3          
                dataBANK3                           190      190       23         1

        CLASS   RAM            

        CLASS   ABS1           
                abs_s1                               7E       7E        2         1

        CLASS   SFR0           

        CLASS   SFR1           

        CLASS   SFR2           

        CLASS   SFR3           

        CLASS   CONFIG         
                config                             2007     2007        2         4

        CLASS   IDLOC          

        CLASS   EEDATA         



SEGMENTS        Name                           Load    Length   Top    Selector   Space  Class     Delta

                reset_vec                      000000  000003  000003         0       0  CODE        2
                intentry                       000004  000332  000336         8       0  CODE        2
                cstackBANK0                    000020  000047  000067        20       1  BANK0       1
                cstackCOMMON                   000070  00000C  00007C        70       1  COMMON      1
                bssBANK1                       0000A0  000035  0000D5        A0       1  BANK1       1
                dataBANK3                      000190  000023  0001B3       190       1  BANK3       1
                strings                        000336  000069  00039F       66C       0  STRING      2
                text24                         00039F  0003DD  00077C       73E       0  CODE        2


UNUSED ADDRESS RANGES

        Name                Unused          Largest block    Delta
        BANK0            0067-006F              9           1
        BANK1            00D5-00EF             1B           1
        BANK2            0110-016F             60           1
        BANK3            01B3-01EF             3D           1
        CODE             0003-0003              1           2
                         077C-1FFF            800
        COMMON           007C-007D              2           1
        CONST            0003-0003              1           2
                         077C-1FFF            100
        EEDATA           2100-21FF            100           2
        ENTRY            0003-0003              1           2
                         077C-1FFF            100
        IDLOC            2000-2003              4           2
        RAM              0067-006F              9           1
                         00D5-00EF             1B
                         0110-016F             60
                         01B3-01EF             3D
        SFR0             0000-001F             20           1
        SFR1             0080-009F             20           1
        SFR2             0100-010F             10           1
        SFR3             0180-018F             10           1
        STACK            0110-016F             60           1
        STRCODE          0003-0003              1           2
                         077C-1FFF           1884
        STRING           0003-0003              1           2
                         077C-1FFF            100

                                  Symbol Table

?___aldiv                cstackBANK0  0020
?___awdiv                cstackBANK0  0026
?___lwdiv                cstackBANK0  0020
?___lwmod                cstackBANK0  0027
?___wmul                 cstackBANK0  0020
?_sprintf                cstackBANK0  002C
CNF_Color@B              cstackBANK0  002F
CNF_Color@G              cstackBANK0  002E
CNF_Color@R              cstackBANK0  0032
CNF_Distance@dist_ON     cstackBANK0  0020
CNF_Time@tiempo_ON       cstackBANK0  0020
EEPROM_Read@address      cstackBANK0  0022
EEPROM_Save@Qb           cstackBANK0  0028
EEPROM_Save@Qd           cstackBANK0  0024
EEPROM_Save@Qg           cstackBANK0  0027
EEPROM_Save@Qr           cstackBANK0  0026
EEPROM_Save@Qt           cstackBANK0  0025
EEPROM_Save@i            cstackBANK0  0029
EEPROM_Write@address     cstackBANK0  0023
EEPROM_Write@write       cstackBANK0  0020
USART_Init@XTAL          cstackBANK0  002F
USART_Init@baudrate      cstackBANK0  0033
USART_SendChar@caracter  cstackBANK0  0020
USART_SendText@cadena    cstackBANK0  0021
_ANSEL                   (abs)        0188
_ANSELH                  (abs)        0189
_BAUDIOS                 nvBANK0      0065
_CCP1CON                 (abs)        0017
_CCP2CON                 (abs)        001D
_CCPR1L                  (abs)        0015
_CCPR2L                  (abs)        001B
_CNF_Color               text22       058C
_CNF_Default             text17       0466
_CNF_Distance            text21       06EF
_CNF_Load                text15       0408
_CNF_Time                text20       06D9
_CREN                    (abs)        00C4
_Color_Start             text11       0756
_EEADR                   (abs)        010D
_EECON1bits              (abs)        018C
_EECON2                  (abs)        018D
_EEDAT                   (abs)        010C
_EEPROM_Read             text16       06BC
_EEPROM_Save             text18       04C0
_EEPROM_Write            text19       0638
_INTCON                  (abs)        000B
_INTCONbits              (abs)        000B
_MCU_Init                text9        076B
_OPTION_REG              (abs)        0081
_OSCCONbits              (abs)        008F
_PIC_Init                text10       069F
_PIE1                    (abs)        008C
_PIR1                    (abs)        000C
_PIR1bits                (abs)        000C
_PORTB                   (abs)        0006
_PORTBbits               (abs)        0006
_PORTC                   (abs)        0007
_PORTCbits               (abs)        0007
_PORTD                   (abs)        0008
_PR2                     (abs)        0092
_PWM_Init                text13       073A
_Qb                      bssBANK0     0052
_Qd                      dataBANK0    0063
_Qg                      bssBANK0     0053
_Qr                      bssBANK0     0054
_Qt                      dataBANK0    0064
_RCREG                   (abs)        001A
_RCSTA                   (abs)        0018
_SPBRG                   (abs)        0099
_START                   bitnvCOMMON  03D8
_T2CON                   (abs)        0012
_TMR0                    (abs)        0001
_TMR0IE                  (abs)        005D
_TMR0IF                  (abs)        005A
_TMR2                    (abs)        0011
_TMR2IE                  (abs)        0461
_TMR2IF                  (abs)        0061
_TMR2_Cnf                text14       0761
_TRISB                   (abs)        0086
_TRISC                   (abs)        0087
_TRISCbits               (abs)        0087
_TRISD                   (abs)        0088
_TRMT                    (abs)        04C1
_TXREG                   (abs)        0019
_TXSTA                   (abs)        0098
_USART_Init              text7        0258
_USART_SendChar          text6        074A
_USART_SendText          text5        05C6
__Habs1                  abs1         0000
__Hbank0                 bank0        0000
__Hbank1                 bank1        0000
__Hbank2                 bank2        0000
__Hbank3                 bank3        0000
__HbitnvCOMMON           bitnvCOMMON  0000
__HbssBANK0              bssBANK0     0000
__HbssBANK1              bssBANK1     0000
__HbssCOMMON             bssCOMMON    0000
__Hcinit                 cinit        0057
__Hclrtext               clrtext      0000
__Hcode                  code         0000
__Hcommon                common       0000
__Hconfig                config       2009
__HcstackBANK0           cstackBANK0  0000
__HcstackCOMMON          cstackCOMMON 0000
__HdataBANK0             dataBANK0    0000
__HdataBANK1             dataBANK1    0000
__HdataBANK3             dataBANK3    0000
__Heeprom_data           eeprom_data  0000
__Hend_init              end_init     0015
__Hfunctab               functab      0000
__HidataBANK0            idataBANK0   0000
__HidataBANK1            idataBANK1   0000
__HidataBANK3            idataBANK3   0000
__Hinit                  init         0012
__Hinittext              inittext     0000
__Hintentry              intentry     0012
__Hmaintext              maintext     0000
__HnvBANK0               nvBANK0      0000
__Hpowerup               powerup      0000
__Hram                   ram          0000
__Hreset_vec             reset_vec    0003
__Hsfr0                  sfr0         0000
__Hsfr1                  sfr1         0000
__Hsfr2                  sfr2         0000
__Hsfr3                  sfr3         0000
__Hspace_0               (abs)        077C
__Hspace_1               (abs)        03D9
__Hspace_2               (abs)        0000
__Hspace_3               (abs)        0000
__Hspace_4               (abs)        4010
__Hstack                 stack        0000
__Hstrings               strings      0000
__Htext                  text         0000
__Labs1                  abs1         0000
__Lbank0                 bank0        0000
__Lbank1                 bank1        0000
__Lbank2                 bank2        0000
__Lbank3                 bank3        0000
__LbitnvCOMMON           bitnvCOMMON  0000
__LbssBANK0              bssBANK0     0000
__LbssBANK1              bssBANK1     0000
__LbssCOMMON             bssCOMMON    0000
__Lcinit                 cinit        0015
__Lclrtext               clrtext      0000
__Lcode                  code         0000
__Lcommon                common       0000
__Lconfig                config       0000
__LcstackBANK0           cstackBANK0  0000
__LcstackCOMMON          cstackCOMMON 0000
__LdataBANK0             dataBANK0    0000
__LdataBANK1             dataBANK1    0000
__LdataBANK3             dataBANK3    0000
__Leeprom_data           eeprom_data  0000
__Lend_init              end_init     0012
__Lfunctab               functab      0000
__LidataBANK0            idataBANK0   0000
__LidataBANK1            idataBANK1   0000
__LidataBANK3            idataBANK3   0000
__Linit                  init         0012
__Linittext              inittext     0000
__Lintentry              intentry     0004
__Lmaintext              maintext     0000
__LnvBANK0               nvBANK0      0000
__Lpowerup               powerup      0000
__Lram                   ram          0000
__Lreset_vec             reset_vec    0000
__Lsfr0                  sfr0         0000
__Lsfr1                  sfr1         0000
__Lsfr2                  sfr2         0000
__Lsfr3                  sfr3         0000
__Lspace_0               (abs)        0000
__Lspace_1               (abs)        0000
__Lspace_2               (abs)        0000
__Lspace_3               (abs)        0000
__Lspace_4               (abs)        0000
__Lstack                 stack        0000
__Lstrings               strings      0000
__Ltext                  text         0000
__S0                     (abs)        077C
__S1                     (abs)        01B3
__S2                     (abs)        0000
__S3                     (abs)        0000
___aldiv                 text8        0126
___aldiv@counter         cstackBANK0  0029
___aldiv@dividend        cstackBANK0  0024
___aldiv@divisor         cstackBANK0  0020
___aldiv@quotient        cstackBANK0  002B
___aldiv@sign            cstackBANK0  002A
___awdiv                 text24       039F
___awdiv@counter         cstackBANK0  002A
___awdiv@dividend        cstackBANK0  0028
___awdiv@divisor         cstackBANK0  0026
___awdiv@quotient        cstackBANK0  002C
___awdiv@sign            cstackBANK0  002B
___int_sp                stack        0000
___latbits               (abs)        0002
___lwdiv                 text3        050A
___lwdiv@counter         cstackBANK0  0024
___lwdiv@dividend        cstackBANK0  0022
___lwdiv@divisor         cstackBANK0  0020
___lwdiv@quotient        cstackBANK0  0025
___lwmod                 text2        0550
___lwmod@counter         cstackBANK0  002B
___lwmod@dividend        cstackBANK0  0029
___lwmod@divisor         cstackBANK0  0027
___sp                    stack        0000
___stackhi               (abs)        0000
___stacklo               (abs)        0000
___wmul                  text23       05EE
___wmul@multiplicand     cstackBANK0  0022
___wmul@multiplier       cstackBANK0  0020
___wmul@product          cstackBANK0  0024
__end_of_CNF_Color       text22       05C6
__end_of_CNF_Default     text17       04C0
__end_of_CNF_Distance    text21       0705
__end_of_CNF_Load        text15       0466
__end_of_CNF_Time        text20       06EF
__end_of_Color_Start     text11       0761
__end_of_EEPROM_Read     text16       06D9
__end_of_EEPROM_Save     text18       050A
__end_of_EEPROM_Write    text19       065B
__end_of_MCU_Init        text9        0774
__end_of_PIC_Init        text10       06BC
__end_of_PWM_Init        text13       074A
__end_of_TMR2_Cnf        text14       076B
__end_of_USART_Init      text7        02C8
__end_of_USART_SendChar  text6        0756
__end_of_USART_SendText  text5        05EE
__end_of___aldiv         text8        01C3
__end_of___awdiv         text24       0408
__end_of___lwdiv         text3        0550
__end_of___lwmod         text2        058C
__end_of___wmul          text23       0615
__end_of__initialization cinit        0053
__end_of__stringtab      strings      0346
__end_of_dpowers         strings      0350
__end_of_loop            text12       069F
__end_of_main            maintext     0258
__end_of_memset          text4        067D
__end_of_pulsos          text25       0336
__end_of_sprintf         text1        0126
__initialization         cinit        0015
__pbitnvCOMMON           bitnvCOMMON  03D8
__pbssBANK0              bssBANK0     0045
__pbssBANK1              bssBANK1     00A0
__pbssCOMMON             bssCOMMON    0076
__pcstackBANK0           cstackBANK0  0020
__pcstackCOMMON          cstackCOMMON 0070
__pdataBANK0             dataBANK0    0055
__pdataBANK1             dataBANK1    00C3
__pdataBANK3             dataBANK3    0190
__pidataBANK0            idataBANK0   072A
__pidataBANK1            idataBANK1   0718
__pidataBANK3            idataBANK3   0615
__pintentry              intentry     0004
__pmaintext              maintext     01C3
__pnvBANK0               nvBANK0      0065
__pstrings               strings      0336
__ptext1                 text1        0057
__ptext10                text10       069F
__ptext11                text11       0756
__ptext12                text12       067D
__ptext13                text13       073A
__ptext14                text14       0761
__ptext15                text15       0408
__ptext16                text16       06BC
__ptext17                text17       0466
__ptext18                text18       04C0
__ptext19                text19       0638
__ptext2                 text2        0550
__ptext20                text20       06D9
__ptext21                text21       06EF
__ptext22                text22       058C
__ptext23                text23       05EE
__ptext24                text24       039F
__ptext25                text25       02C8
__ptext3                 text3        050A
__ptext4                 text4        065B
__ptext5                 text5        05C6
__ptext6                 text6        074A
__ptext7                 text7        0258
__ptext8                 text8        0126
__ptext9                 text9        076B
__size_of_CNF_Color      (abs)        0000
__size_of_CNF_Default    (abs)        0000
__size_of_CNF_Distance   (abs)        0000
__size_of_CNF_Load       (abs)        0000
__size_of_CNF_Time       (abs)        0000
__size_of_Color_Start    (abs)        0000
__size_of_EEPROM_Read    (abs)        0000
__size_of_EEPROM_Save    (abs)        0000
__size_of_EEPROM_Write   (abs)        0000
__size_of_MCU_Init       (abs)        0000
__size_of_PIC_Init       (abs)        0000
__size_of_PWM_Init       (abs)        0000
__size_of_TMR2_Cnf       (abs)        0000
__size_of_USART_Init     (abs)        0000
__size_of_USART_SendChar (abs)        0000
__size_of_USART_SendText (abs)        0000
__size_of___aldiv        (abs)        0000
__size_of___awdiv        (abs)        0000
__size_of___lwdiv        (abs)        0000
__size_of___lwmod        (abs)        0000
__size_of___wmul         (abs)        0000
__size_of_loop           (abs)        0000
__size_of_main           (abs)        0000
__size_of_memset         (abs)        0000
__size_of_pulsos         (abs)        0000
__size_of_sprintf        (abs)        0000
__stringbase             strings      0345
__stringtab              strings      0336
_cnt                     bssCOMMON    0079
_cnt_Deathline           bssBANK0     0051
_cnt_Seg                 bssCOMMON    007A
_cuenta                  bssBANK0     0050
_dato                    bssCOMMON    0076
_distance                bssBANK0     004B
_distance_to_ON          bssBANK0     0049
_dpowers                 strings      0346
_flag_rx                 bssBANK0     004F
_i                       bssCOMMON    0078
_lectura                 bssBANK0     004E
_loop                    text12       067D
_main                    maintext     01C3
_memset                  text4        065B
_msj_cnf_param           dataBANK3    0190
_msj_packet              bssBANK1     00A0
_pulsos                  text25       02C8
_sprintf                 text1        0057
_time_ON                 bssBANK0     0047
btemp                    (abs)        007E
clear_ram0               clrtext      0774
end_of_initialization    cinit        0053
init_fetch0              inittext     0705
init_ram0                inittext     0709
interrupt_function       intentry     0004
intlevel0                functab      0000
intlevel1                functab      0000
intlevel2                functab      0000
intlevel3                functab      0000
intlevel4                functab      0000
intlevel5                functab      0000
memset@c                 cstackBANK0  0020
memset@n                 cstackBANK0  0022
memset@p                 cstackBANK0  0024
memset@p1                cstackBANK0  0025
reset_vec                reset_vec    0000
saved_w                  (abs)        007E
sprintf@ap               cstackBANK0  003D
sprintf@c                cstackBANK0  0042
sprintf@f                cstackBANK0  002C
sprintf@flag             cstackBANK0  003C
sprintf@prec             cstackBANK0  0040
sprintf@sp               cstackBANK0  0041
sprintf@val              cstackBANK0  003E
start                    init         0012
start_initialization     cinit        0015
wtemp0                   (abs)        007E


FUNCTION INFORMATION:

 *************** function _main *****************
 Defined at:
		line 255 in file "main.c"
 Parameters:    Size  Location     Type
		None
 Auto vars:     Size  Location     Type
		None
 Return value:  Size  Location     Type
                  1    wreg      void 
 Registers used:
		wreg, fsr0l, fsr0h, status,2, status,0, btemp+1, pclath, cstack
 Tracked objects:
		On entry : 
		On exit  : 
		Unchanged: 
 Data sizes:     COMMON   BANK0   BANK1   BANK3   BANK2
      Params:         0       0       0       0       0
      Locals:         0       0       0       0       0
      Temps:          0       2       0       0       0
      Totals:         0       2       0       0       0
Total ram usage:        2 bytes
 Hardware stack levels required when called:    4
 This function calls:
		_CNF_Default
		_CNF_Load
		_Color_Start
		_EEPROM_Read
		_MCU_Init
		_USART_Init
		_USART_SendText
		_memset
		_sprintf
 This function is called by:
		Startup code after reset
 This function uses a non-reentrant model


 *************** function _sprintf *****************
 Defined at:
		line 505 in file "C:\Program Files\Microchip\xc8\v2.20\pic\sources\c90\common\doprnt.c"
 Parameters:    Size  Location     Type
  sp              1    wreg     PTR unsigned char 
		 -> msj_packet(35), 
  f               1   12[BANK0 ] PTR const unsigned char 
		 -> STR_3(26), STR_1(43), 
 Auto vars:     Size  Location     Type
  sp              1   33[BANK0 ] PTR unsigned char 
		 -> msj_packet(35), 
  tmpval          4    0        struct .
  val             2   30[BANK0 ] unsigned int 
  cp              2    0        PTR const unsigned char 
  len             2    0        unsigned int 
  c               1   34[BANK0 ] unsigned char 
  prec            1   32[BANK0 ] char 
  ap              1   29[BANK0 ] PTR void [1]
		 -> ?_sprintf(2), 
  flag            1   28[BANK0 ] unsigned char 
 Return value:  Size  Location     Type
                  2   12[BANK0 ] int 
 Registers used:
		wreg, fsr0l, fsr0h, status,2, status,0, btemp+1, pclath, cstack
 Tracked objects:
		On entry : 
		On exit  : 
		Unchanged: 
 Data sizes:     COMMON   BANK0   BANK1   BANK3   BANK2
      Params:         0      13       0       0       0
      Locals:         0       7       0       0       0
      Temps:          0       3       0       0       0
      Totals:         0      23       0       0       0
Total ram usage:       23 bytes
 Hardware stack levels used:    1
 Hardware stack levels required when called:    2
 This function calls:
		___lwdiv
		___lwmod
 This function is called by:
		_main
		_CNF_Print
 This function uses a non-reentrant model


 *************** function ___lwmod *****************
 Defined at:
		line 5 in file "C:\Program Files\Microchip\xc8\v2.20\pic\sources\c90\common\lwmod.c"
 Parameters:    Size  Location     Type
  divisor         2    7[BANK0 ] unsigned int 
  dividend        2    9[BANK0 ] unsigned int 
 Auto vars:     Size  Location     Type
  counter         1   11[BANK0 ] unsigned char 
 Return value:  Size  Location     Type
                  2    7[BANK0 ] unsigned int 
 Registers used:
		wreg, status,2, status,0, btemp+1
 Tracked objects:
		On entry : 
		On exit  : 
		Unchanged: 
 Data sizes:     COMMON   BANK0   BANK1   BANK3   BANK2
      Params:         0       4       0       0       0
      Locals:         0       1       0       0       0
      Temps:          0       0       0       0       0
      Totals:         0       5       0       0       0
Total ram usage:        5 bytes
 Hardware stack levels used:    1
 Hardware stack levels required when called:    1
 This function calls:
		Nothing
 This function is called by:
		_sprintf
 This function uses a non-reentrant model


 *************** function ___lwdiv *****************
 Defined at:
		line 5 in file "C:\Program Files\Microchip\xc8\v2.20\pic\sources\c90\common\lwdiv.c"
 Parameters:    Size  Location     Type
  divisor         2    0[BANK0 ] unsigned int 
  dividend        2    2[BANK0 ] unsigned int 
 Auto vars:     Size  Location     Type
  quotient        2    5[BANK0 ] unsigned int 
  counter         1    4[BANK0 ] unsigned char 
 Return value:  Size  Location     Type
                  2    0[BANK0 ] unsigned int 
 Registers used:
		wreg, status,2, status,0, btemp+1
 Tracked objects:
		On entry : 
		On exit  : 
		Unchanged: 
 Data sizes:     COMMON   BANK0   BANK1   BANK3   BANK2
      Params:         0       4       0       0       0
      Locals:         0       3       0       0       0
      Temps:          0       0       0       0       0
      Totals:         0       7       0       0       0
Total ram usage:        7 bytes
 Hardware stack levels used:    1
 Hardware stack levels required when called:    1
 This function calls:
		Nothing
 This function is called by:
		_sprintf
 This function uses a non-reentrant model


 *************** function _memset *****************
 Defined at:
		line 8 in file "C:\Program Files\Microchip\xc8\v2.20\pic\sources\c90\common\memset.c"
 Parameters:    Size  Location     Type
  p1              1    wreg     PTR void 
		 -> msj_packet(35), 
  c               2    0[BANK0 ] int 
  n               2    2[BANK0 ] unsigned int 
 Auto vars:     Size  Location     Type
  p1              1    5[BANK0 ] PTR void 
		 -> msj_packet(35), 
  p               1    4[BANK0 ] PTR unsigned char 
		 -> msj_packet(35), 
 Return value:  Size  Location     Type
                  1    wreg      PTR void 
 Registers used:
		wreg, fsr0l, fsr0h, status,2, status,0, btemp+1
 Tracked objects:
		On entry : 
		On exit  : 
		Unchanged: 
 Data sizes:     COMMON   BANK0   BANK1   BANK3   BANK2
      Params:         0       4       0       0       0
      Locals:         0       2       0       0       0
      Temps:          0       0       0       0       0
      Totals:         0       6       0       0       0
Total ram usage:        6 bytes
 Hardware stack levels used:    1
 Hardware stack levels required when called:    1
 This function calls:
		Nothing
 This function is called by:
		_main
 This function uses a non-reentrant model


 *************** function _USART_SendText *****************
 Defined at:
		line 64 in file "usartlib.c"
 Parameters:    Size  Location     Type
  cadena          2    1[BANK0 ] PTR unsigned char 
		 -> STR_2(10), msj_cnf_param(35), msj_packet(35), 
 Auto vars:     Size  Location     Type
		None
 Return value:  Size  Location     Type
                  1    wreg      void 
 Registers used:
		wreg, fsr0l, fsr0h, status,2, status,0, btemp+1, pclath, cstack
 Tracked objects:
		On entry : 
		On exit  : 
		Unchanged: 
 Data sizes:     COMMON   BANK0   BANK1   BANK3   BANK2
      Params:         0       2       0       0       0
      Locals:         0       0       0       0       0
      Temps:          0       0       0       0       0
      Totals:         0       2       0       0       0
Total ram usage:        2 bytes
 Hardware stack levels used:    1
 Hardware stack levels required when called:    2
 This function calls:
		_USART_SendChar
 This function is called by:
		_main
		_CNF_Print
		_CNF_Params
 This function uses a non-reentrant model


 *************** function _USART_SendChar *****************
 Defined at:
		line 55 in file "usartlib.c"
 Parameters:    Size  Location     Type
  caracter        1    wreg     unsigned char 
 Auto vars:     Size  Location     Type
  caracter        1    0[BANK0 ] unsigned char 
 Return value:  Size  Location     Type
                  1    wreg      void 
 Registers used:
		wreg
 Tracked objects:
		On entry : 
		On exit  : 
		Unchanged: 
 Data sizes:     COMMON   BANK0   BANK1   BANK3   BANK2
      Params:         0       0       0       0       0
      Locals:         0       1       0       0       0
      Temps:          0       0       0       0       0
      Totals:         0       1       0       0       0
Total ram usage:        1 bytes
 Hardware stack levels used:    1
 Hardware stack levels required when called:    1
 This function calls:
		Nothing
 This function is called by:
		_USART_SendText
 This function uses a non-reentrant model


 *************** function _USART_Init *****************
 Defined at:
		line 10 in file "usartlib.c"
 Parameters:    Size  Location     Type
  XTAL            4   15[BANK0 ] const long 
  baudrate        4   19[BANK0 ] long 
 Auto vars:     Size  Location     Type
		None
 Return value:  Size  Location     Type
                  1    wreg      void 
 Registers used:
		wreg, status,2, status,0, btemp+1, pclath, cstack
 Tracked objects:
		On entry : 
		On exit  : 
		Unchanged: 
 Data sizes:     COMMON   BANK0   BANK1   BANK3   BANK2
      Params:         0       8       0       0       0
      Locals:         0       0       0       0       0
      Temps:          0      12       0       0       0
      Totals:         0      20       0       0       0
Total ram usage:       20 bytes
 Hardware stack levels used:    1
 Hardware stack levels required when called:    2
 This function calls:
		___aldiv
 This function is called by:
		_main
 This function uses a non-reentrant model


 *************** function ___aldiv *****************
 Defined at:
		line 5 in file "C:\Program Files\Microchip\xc8\v2.20\pic\sources\c90\common\aldiv.c"
 Parameters:    Size  Location     Type
  divisor         4    0[BANK0 ] long 
  dividend        4    4[BANK0 ] long 
 Auto vars:     Size  Location     Type
  quotient        4   11[BANK0 ] long 
  sign            1   10[BANK0 ] unsigned char 
  counter         1    9[BANK0 ] unsigned char 
 Return value:  Size  Location     Type
                  4    0[BANK0 ] long 
 Registers used:
		wreg, status,2, status,0, btemp+1
 Tracked objects:
		On entry : 
		On exit  : 
		Unchanged: 
 Data sizes:     COMMON   BANK0   BANK1   BANK3   BANK2
      Params:         0       8       0       0       0
      Locals:         0       6       0       0       0
      Temps:          0       1       0       0       0
      Totals:         0      15       0       0       0
Total ram usage:       15 bytes
 Hardware stack levels used:    1
 Hardware stack levels required when called:    1
 This function calls:
		Nothing
 This function is called by:
		_USART_Init
 This function uses a non-reentrant model


 *************** function _MCU_Init *****************
 Defined at:
		line 80 in file "main.c"
 Parameters:    Size  Location     Type
		None
 Auto vars:     Size  Location     Type
		None
 Return value:  Size  Location     Type
                  1    wreg      void 
 Registers used:
		wreg, status,2, status,0, pclath, cstack
 Tracked objects:
		On entry : 
		On exit  : 
		Unchanged: 
 Data sizes:     COMMON   BANK0   BANK1   BANK3   BANK2
      Params:         0       0       0       0       0
      Locals:         0       0       0       0       0
      Temps:          0       0       0       0       0
      Totals:         0       0       0       0       0
Total ram usage:        0 bytes
 Hardware stack levels used:    1
 Hardware stack levels required when called:    2
 This function calls:
		_PIC_Init
 This function is called by:
		_main
 This function uses a non-reentrant model


 *************** function _PIC_Init *****************
 Defined at:
		line 65 in file "main.c"
 Parameters:    Size  Location     Type
		None
 Auto vars:     Size  Location     Type
		None
 Return value:  Size  Location     Type
                  1    wreg      void 
 Registers used:
		wreg, status,2
 Tracked objects:
		On entry : 
		On exit  : 
		Unchanged: 
 Data sizes:     COMMON   BANK0   BANK1   BANK3   BANK2
      Params:         0       0       0       0       0
      Locals:         0       0       0       0       0
      Temps:          0       0       0       0       0
      Totals:         0       0       0       0       0
Total ram usage:        0 bytes
 Hardware stack levels used:    1
 Hardware stack levels required when called:    1
 This function calls:
		Nothing
 This function is called by:
		_MCU_Init
 This function uses a non-reentrant model


 *************** function _Color_Start *****************
 Defined at:
		line 158 in file "main.c"
 Parameters:    Size  Location     Type
		None
 Auto vars:     Size  Location     Type
		None
 Return value:  Size  Location     Type
                  1    wreg      void 
 Registers used:
		wreg, status,2, status,0, btemp+1, pclath, cstack
 Tracked objects:
		On entry : 
		On exit  : 
		Unchanged: 
 Data sizes:     COMMON   BANK0   BANK1   BANK3   BANK2
      Params:         0       0       0       0       0
      Locals:         0       0       0       0       0
      Temps:          0       0       0       0       0
      Totals:         0       0       0       0       0
Total ram usage:        0 bytes
 Hardware stack levels used:    1
 Hardware stack levels required when called:    3
 This function calls:
		_PWM_Init
		_loop
 This function is called by:
		_main
		_Test_ON
 This function uses a non-reentrant model


 *************** function _loop *****************
 Defined at:
		line 143 in file "main.c"
 Parameters:    Size  Location     Type
		None
 Auto vars:     Size  Location     Type
		None
 Return value:  Size  Location     Type
                  1    wreg      void 
 Registers used:
		wreg, status,2, status,0, btemp+1
 Tracked objects:
		On entry : 
		On exit  : 
		Unchanged: 
 Data sizes:     COMMON   BANK0   BANK1   BANK3   BANK2
      Params:         0       0       0       0       0
      Locals:         0       0       0       0       0
      Temps:          0       0       0       0       0
      Totals:         0       0       0       0       0
Total ram usage:        0 bytes
 Hardware stack levels used:    1
 Hardware stack levels required when called:    1
 This function calls:
		Nothing
 This function is called by:
		_Color_Start
 This function uses a non-reentrant model


 *************** function _PWM_Init *****************
 Defined at:
		line 85 in file "main.c"
 Parameters:    Size  Location     Type
		None
 Auto vars:     Size  Location     Type
		None
 Return value:  Size  Location     Type
                  1    wreg      void 
 Registers used:
		wreg, status,2, status,0, pclath, cstack
 Tracked objects:
		On entry : 
		On exit  : 
		Unchanged: 
 Data sizes:     COMMON   BANK0   BANK1   BANK3   BANK2
      Params:         0       0       0       0       0
      Locals:         0       0       0       0       0
      Temps:          0       0       0       0       0
      Totals:         0       0       0       0       0
Total ram usage:        0 bytes
 Hardware stack levels used:    1
 Hardware stack levels required when called:    2
 This function calls:
		_TMR2_Cnf
 This function is called by:
		_Color_Start
 This function uses a non-reentrant model


 *************** function _TMR2_Cnf *****************
 Defined at:
		line 26 in file "configtmrs.c"
 Parameters:    Size  Location     Type
		None
 Auto vars:     Size  Location     Type
		None
 Return value:  Size  Location     Type
                  1    wreg      void 
 Registers used:
		wreg, status,2
 Tracked objects:
		On entry : 
		On exit  : 
		Unchanged: 
 Data sizes:     COMMON   BANK0   BANK1   BANK3   BANK2
      Params:         0       0       0       0       0
      Locals:         0       0       0       0       0
      Temps:          0       0       0       0       0
      Totals:         0       0       0       0       0
Total ram usage:        0 bytes
 Hardware stack levels used:    1
 Hardware stack levels required when called:    1
 This function calls:
		Nothing
 This function is called by:
		_PWM_Init
 This function uses a non-reentrant model


 *************** function _CNF_Load *****************
 Defined at:
		line 229 in file "main.c"
 Parameters:    Size  Location     Type
		None
 Auto vars:     Size  Location     Type
		None
 Return value:  Size  Location     Type
                  1    wreg      void 
 Registers used:
		wreg, status,2, status,0, btemp+1, pclath, cstack
 Tracked objects:
		On entry : 
		On exit  : 
		Unchanged: 
 Data sizes:     COMMON   BANK0   BANK1   BANK3   BANK2
      Params:         0       0       0       0       0
      Locals:         0       0       0       0       0
      Temps:          0       2       0       0       0
      Totals:         0       2       0       0       0
Total ram usage:        2 bytes
 Hardware stack levels used:    1
 Hardware stack levels required when called:    3
 This function calls:
		_CNF_Color
		_CNF_Distance
		_CNF_Time
		_EEPROM_Read
 This function is called by:
		_main
 This function uses a non-reentrant model


 *************** function _EEPROM_Read *****************
 Defined at:
		line 14 in file "eepromlib.c"
 Parameters:    Size  Location     Type
  address         1    wreg     unsigned char 
 Auto vars:     Size  Location     Type
  address         1    2[BANK0 ] unsigned char 
 Return value:  Size  Location     Type
                  1    wreg      unsigned char 
 Registers used:
		wreg, btemp+1
 Tracked objects:
		On entry : 
		On exit  : 
		Unchanged: 
 Data sizes:     COMMON   BANK0   BANK1   BANK3   BANK2
      Params:         0       0       0       0       0
      Locals:         0       1       0       0       0
      Temps:          0       2       0       0       0
      Totals:         0       3       0       0       0
Total ram usage:        3 bytes
 Hardware stack levels used:    1
 Hardware stack levels required when called:    1
 This function calls:
		Nothing
 This function is called by:
		_CNF_Load
		_main
		_CNF_Print
 This function uses a non-reentrant model


 *************** function _CNF_Default *****************
 Defined at:
		line 212 in file "main.c"
 Parameters:    Size  Location     Type
		None
 Auto vars:     Size  Location     Type
		None
 Return value:  Size  Location     Type
                  1    wreg      void 
 Registers used:
		wreg, status,2, status,0, btemp+1, pclath, cstack
 Tracked objects:
		On entry : 
		On exit  : 
		Unchanged: 
 Data sizes:     COMMON   BANK0   BANK1   BANK3   BANK2
      Params:         0       0       0       0       0
      Locals:         0       0       0       0       0
      Temps:          0       2       0       0       0
      Totals:         0       2       0       0       0
Total ram usage:        2 bytes
 Hardware stack levels used:    1
 Hardware stack levels required when called:    3
 This function calls:
		_CNF_Color
		_CNF_Distance
		_CNF_Time
		_EEPROM_Save
 This function is called by:
		_main
		_CNF_Params
 This function uses a non-reentrant model


 *************** function _EEPROM_Save *****************
 Defined at:
		line 36 in file "eepromlib.c"
 Parameters:    Size  Location     Type
  i               1    wreg     unsigned char 
  Qd              1    4[BANK0 ] unsigned char 
  Qt              1    5[BANK0 ] unsigned char 
  Qr              1    6[BANK0 ] unsigned char 
  Qg              1    7[BANK0 ] unsigned char 
  Qb              1    8[BANK0 ] unsigned char 
 Auto vars:     Size  Location     Type
  i               1    9[BANK0 ] unsigned char 
 Return value:  Size  Location     Type
                  1    wreg      void 
 Registers used:
		wreg, status,2, status,0, btemp+1, pclath, cstack
 Tracked objects:
		On entry : 
		On exit  : 
		Unchanged: 
 Data sizes:     COMMON   BANK0   BANK1   BANK3   BANK2
      Params:         0       5       0       0       0
      Locals:         0       1       0       0       0
      Temps:          0       0       0       0       0
      Totals:         0       6       0       0       0
Total ram usage:        6 bytes
 Hardware stack levels used:    1
 Hardware stack levels required when called:    2
 This function calls:
		_EEPROM_Write
 This function is called by:
		_CNF_Default
 This function uses a non-reentrant model


 *************** function _EEPROM_Write *****************
 Defined at:
		line 23 in file "eepromlib.c"
 Parameters:    Size  Location     Type
  address         1    wreg     unsigned char 
  write           1    0[BANK0 ] unsigned char 
 Auto vars:     Size  Location     Type
  address         1    3[BANK0 ] unsigned char 
 Return value:  Size  Location     Type
                  1    wreg      void 
 Registers used:
		wreg
 Tracked objects:
		On entry : 
		On exit  : 
		Unchanged: 
 Data sizes:     COMMON   BANK0   BANK1   BANK3   BANK2
      Params:         0       1       0       0       0
      Locals:         0       1       0       0       0
      Temps:          0       2       0       0       0
      Totals:         0       4       0       0       0
Total ram usage:        4 bytes
 Hardware stack levels used:    1
 Hardware stack levels required when called:    1
 This function calls:
		Nothing
 This function is called by:
		_EEPROM_Save
 This function uses a non-reentrant model


 *************** function _CNF_Time *****************
 Defined at:
		line 186 in file "main.c"
 Parameters:    Size  Location     Type
  tiempo_ON       2    0[BANK0 ] unsigned int 
 Auto vars:     Size  Location     Type
		None
 Return value:  Size  Location     Type
                  1    wreg      void 
 Registers used:
		wreg, status,2, status,0
 Tracked objects:
		On entry : 
		On exit  : 
		Unchanged: 
 Data sizes:     COMMON   BANK0   BANK1   BANK3   BANK2
      Params:         0       2       0       0       0
      Locals:         0       0       0       0       0
      Temps:          0       0       0       0       0
      Totals:         0       2       0       0       0
Total ram usage:        2 bytes
 Hardware stack levels used:    1
 Hardware stack levels required when called:    1
 This function calls:
		Nothing
 This function is called by:
		_CNF_Default
		_CNF_Load
 This function uses a non-reentrant model


 *************** function _CNF_Distance *****************
 Defined at:
		line 177 in file "main.c"
 Parameters:    Size  Location     Type
  dist_ON         2    0[BANK0 ] unsigned int 
 Auto vars:     Size  Location     Type
		None
 Return value:  Size  Location     Type
                  1    wreg      void 
 Registers used:
		wreg, status,2, status,0
 Tracked objects:
		On entry : 
		On exit  : 
		Unchanged: 
 Data sizes:     COMMON   BANK0   BANK1   BANK3   BANK2
      Params:         0       2       0       0       0
      Locals:         0       0       0       0       0
      Temps:          0       0       0       0       0
      Totals:         0       2       0       0       0
Total ram usage:        2 bytes
 Hardware stack levels used:    1
 Hardware stack levels required when called:    1
 This function calls:
		Nothing
 This function is called by:
		_CNF_Default
		_CNF_Load
 This function uses a non-reentrant model


 *************** function _CNF_Color *****************
 Defined at:
		line 195 in file "main.c"
 Parameters:    Size  Location     Type
  R               1    wreg     unsigned char 
  G               1   14[BANK0 ] unsigned char 
  B               1   15[BANK0 ] unsigned char 
 Auto vars:     Size  Location     Type
  R               1   18[BANK0 ] unsigned char 
 Return value:  Size  Location     Type
                  1    wreg      void 
 Registers used:
		wreg, status,2, status,0, btemp+1, pclath, cstack
 Tracked objects:
		On entry : 
		On exit  : 
		Unchanged: 
 Data sizes:     COMMON   BANK0   BANK1   BANK3   BANK2
      Params:         0       2       0       0       0
      Locals:         0       1       0       0       0
      Temps:          0       2       0       0       0
      Totals:         0       5       0       0       0
Total ram usage:        5 bytes
 Hardware stack levels used:    1
 Hardware stack levels required when called:    2
 This function calls:
		___awdiv
		___wmul
 This function is called by:
		_CNF_Default
		_CNF_Load
 This function uses a non-reentrant model


 *************** function ___wmul *****************
 Defined at:
		line 15 in file "C:\Program Files\Microchip\xc8\v2.20\pic\sources\c90\common\Umul16.c"
 Parameters:    Size  Location     Type
  multiplier      2    0[BANK0 ] unsigned int 
  multiplicand    2    2[BANK0 ] unsigned int 
 Auto vars:     Size  Location     Type
  product         2    4[BANK0 ] unsigned int 
 Return value:  Size  Location     Type
                  2    0[BANK0 ] unsigned int 
 Registers used:
		wreg, status,2, status,0
 Tracked objects:
		On entry : 
		On exit  : 
		Unchanged: 
 Data sizes:     COMMON   BANK0   BANK1   BANK3   BANK2
      Params:         0       4       0       0       0
      Locals:         0       2       0       0       0
      Temps:          0       0       0       0       0
      Totals:         0       6       0       0       0
Total ram usage:        6 bytes
 Hardware stack levels used:    1
 Hardware stack levels required when called:    1
 This function calls:
		Nothing
 This function is called by:
		_CNF_Color
 This function uses a non-reentrant model


 *************** function ___awdiv *****************
 Defined at:
		line 5 in file "C:\Program Files\Microchip\xc8\v2.20\pic\sources\c90\common\awdiv.c"
 Parameters:    Size  Location     Type
  divisor         2    6[BANK0 ] int 
  dividend        2    8[BANK0 ] int 
 Auto vars:     Size  Location     Type
  quotient        2   12[BANK0 ] int 
  sign            1   11[BANK0 ] unsigned char 
  counter         1   10[BANK0 ] unsigned char 
 Return value:  Size  Location     Type
                  2    6[BANK0 ] int 
 Registers used:
		wreg, status,2, status,0, btemp+1
 Tracked objects:
		On entry : 
		On exit  : 
		Unchanged: 
 Data sizes:     COMMON   BANK0   BANK1   BANK3   BANK2
      Params:         0       4       0       0       0
      Locals:         0       4       0       0       0
      Temps:          0       0       0       0       0
      Totals:         0       8       0       0       0
Total ram usage:        8 bytes
 Hardware stack levels used:    1
 Hardware stack levels required when called:    1
 This function calls:
		Nothing
 This function is called by:
		_CNF_Color
 This function uses a non-reentrant model


 *************** function _pulsos *****************
 Defined at:
		line 97 in file "main.c"
 Parameters:    Size  Location     Type
		None
 Auto vars:     Size  Location     Type
		None
 Return value:  Size  Location     Type
                  1    wreg      void 
 Registers used:
		wreg, fsr0l, fsr0h, status,2, status,0, btemp+1
 Tracked objects:
		On entry : 
		On exit  : 
		Unchanged: 
 Data sizes:     COMMON   BANK0   BANK1   BANK3   BANK2
      Params:         0       0       0       0       0
      Locals:         0       0       0       0       0
      Temps:          6       0       0       0       0
      Totals:         6       0       0       0       0
Total ram usage:        6 bytes
 Hardware stack levels used:    1
 This function calls:
		Nothing
 This function is called by:
		Interrupt level 1
 This function uses a non-reentrant model



MODULE INFORMATION

Module		Function		Class		Link	Load	Size
C:\Program Files\Microchip\xc8\v2.20\pic\sources\c90\common\aldiv.c
		___aldiv       		CODE           	0126	0000	158

C:\Program Files\Microchip\xc8\v2.20\pic\sources\c90\common\aldiv.c estimated size: 158

usartlib.c
		_USART_SendChar		CODE           	074A	0000	13
		_USART_SendText		CODE           	05C6	0000	41
		_USART_Init    		CODE           	0258	0000	113

usartlib.c estimated size: 167

C:\Program Files\Microchip\xc8\v2.20\pic\sources\c90\common\lwmod.c
		___lwmod       		CODE           	0550	0000	61

C:\Program Files\Microchip\xc8\v2.20\pic\sources\c90\common\lwmod.c estimated size: 61

configtmrs.c
		_TMR2_Cnf      		CODE           	0761	0000	11

configtmrs.c estimated size: 11

C:\Program Files\Microchip\xc8\v2.20\pic\sources\c90\common\memset.c
		_memset        		CODE           	065B	0000	35

C:\Program Files\Microchip\xc8\v2.20\pic\sources\c90\common\memset.c estimated size: 35

eepromlib.c
		_EEPROM_Read   		CODE           	06BC	0000	30
		_EEPROM_Save   		CODE           	04C0	0000	75
		_EEPROM_Write  		CODE           	0638	0000	36

eepromlib.c estimated size: 141

C:\Program Files\Microchip\xc8\v2.20\pic\sources\c90\common\doprnt.c
		_sprintf       		CODE           	0057	0000	208

C:\Program Files\Microchip\xc8\v2.20\pic\sources\c90\common\doprnt.c estimated size: 208

shared
		__stringtab    		STRING         	0336	0000	17
		_dpowers       		STRING         	0346	0000	11
		__initialization		CODE           	0015	0000	63

shared estimated size: 91

C:\Program Files\Microchip\xc8\v2.20\pic\sources\c90\common\Umul16.c
		___wmul        		CODE           	05EE	0000	40

C:\Program Files\Microchip\xc8\v2.20\pic\sources\c90\common\Umul16.c estimated size: 40

C:\Program Files\Microchip\xc8\v2.20\pic\sources\c90\common\lwdiv.c
		___lwdiv       		CODE           	050A	0000	71

C:\Program Files\Microchip\xc8\v2.20\pic\sources\c90\common\lwdiv.c estimated size: 71

main.c
		_loop          		CODE           	067D	0000	35
		_PIC_Init      		CODE           	069F	0000	30
		_CNF_Time      		CODE           	06D9	0000	23
		_CNF_Default   		CODE           	0466	0000	91
		_main          		CODE           	01C3	0000	150
		_CNF_Load      		CODE           	0408	0000	95
		_CNF_Distance  		CODE           	06EF	0000	23
		_CNF_Color     		CODE           	058C	0000	59
		_Color_Start   		CODE           	0756	0000	12
		_MCU_Init      		CODE           	076B	0000	10
		_PWM_Init      		CODE           	073A	0000	17
		_pulsos        		CODE           	02C8	0000	111

main.c estimated size: 656

C:\Program Files\Microchip\xc8\v2.20\pic\sources\c90\common\awdiv.c
		___awdiv       		CODE           	039F	0000	106

C:\Program Files\Microchip\xc8\v2.20\pic\sources\c90\common\awdiv.c estimated size: 106

